// Jest Snapshot v1, https://goo.gl/fbAQLP

exports[`<Icon /> renders correctly 1`] = `
<div
  className="sc-bcXHqe jkKffL"
  title="A(n) alert icon"
/>
`;
