// Jest Snapshot v1, https://goo.gl/fbAQLP

exports[`<Button /> renders correctly 1`] = `
<button
  className="sc-bcXHqe iJirDr"
  onClick={[Function]}
  type="button"
>
  Continue
</button>
`;
