// Jest Snapshot v1, https://goo.gl/fbAQLP

exports[`<Toaster /> renders correctly 1`] = `
<div
  className="sc-pyfCe"
/>
`;
